// Jest Snapshot v1, https://jestjs.io/docs/snapshot-testing

exports[`e2e: deployed goSurf lambda with trail propagation given: [case1] deployed goSurf lambda via declastruct when: [t0] invoked via askLambdaEndpoint with trail context then: response matches snapshot 1`] = `
{
  "comment": "caught a longboard wave in the pacific",
  "success": true,
  "trailExid": "exid:cowabunga-turtle-ride",
}
`;

exports[`e2e: deployed goSurf lambda with trail propagation given: [case1] deployed goSurf lambda via declastruct when: [t2] invoked with invalid input then: handler returns validation error 1`] = `
{
  "message": "✋ ConstraintError: validation failed: style: Invalid option: expected one of "longboard"|"shortboard"|"bodyboard"

{
  "issues": [
    {
      "path": "style",
      "message": "Invalid option: expected one of \\"longboard\\"|\\"shortboard\\"|\\"bodyboard\\"",
      "code": "invalid_value"
    }
  ]
}

{
  "endpoint": {
    "service": "svc-seaturtle",
    "access": "prod",
    "function": "goSurf",
    "slug": "svc-seaturtle-prod-goSurf"
  },
  "exid": "exid:fixed-t2-validation",
  "details": {
    "issues": [
      {
        "path": "style",
        "message": "Invalid option: expected one of \\"longboard\\"|\\"shortboard\\"|\\"bodyboard\\"",
        "code": "invalid_value"
      }
    ]
  }
}",
  "messageContainsValidation": true,
  "metadata": {
    "details": {
      "issues": [
        {
          "code": "invalid_value",
          "message": "Invalid option: expected one of "longboard"|"shortboard"|"bodyboard"",
          "path": "style",
        },
      ],
    },
    "endpoint": LambdaEndpoint {
      "access": "prod",
      "function": "goSurf",
      "service": "svc-seaturtle",
      "slug": "svc-seaturtle-prod-goSurf",
    },
    "exid": "exid:fixed-t2-validation",
  },
  "name": "Error",
}
`;

exports[`e2e: deployed goSurf lambda with trail propagation given: [case1] deployed goSurf lambda via declastruct when: [t3] invoked with a slug that was never deployed then: handler returns function not found error 1`] = `
{
  "messageContainsNotFound": true,
  "name": "LambdaEndpointError",
}
`;

exports[`e2e: deployed goSurf lambda with trail propagation given: [case22] the same deployed lambda, through runLambdaEndpoint.onSerialized when: [t4] run at the cloud locus with a valid event then: the cloud-locus output matches snapshot 1`] = `
{
  "comment": "caught a bodyboard wave in the pacific",
  "success": true,
  "trailExid": "exid:onserialized-cloud-t4",
}
`;

exports[`e2e: deployed goSurf lambda with trail propagation given: [case22] the same deployed lambda, through runLambdaEndpoint.onSerialized when: [t5] the deployed handler rejects the event then: the constraint fault is THROWN, never returned 1`] = `
{
  "messageContainsValidation": true,
  "name": "Error",
}
`;

exports[`e2e: deployed goSurf lambda with trail propagation given: [case22] the same deployed lambda, through runLambdaEndpoint.onSerialized when: [t6] the slug names a function that was never deployed then: it throws, rather than answers 1`] = `
{
  "messageContainsNotFound": true,
  "name": "LambdaEndpointError",
}
`;
